snap      923050305  2  1 Brc kc    brrrrrrrrrrrrrrrrrrrrrrrrrrrrrrrrrrrrrrrrrrrrrrrrrrQ -        40030 10300    0 
snap      923050430  2  1 Bcc brrrc brrrrrrrrrrrrrrrrrrrrrrrrrrrrrrrrrrrrrrrrrrrrrrQ -        29730 9800    0 
snap      923050559  2  1 Br  -     -     -        19930  100  150 
snap      923050563  2  2 B   -     -     -        19980   50   75 
snap      923050568  2  1 Br  -     -     -        20005  100  150 
